MemTotal:       98620312 kB
MemFree:        11803140 kB
MemAvailable:   69137372 kB
Buffers:             756 kB
Cached:         55495740 kB
SwapCached:            0 kB
Active:         29331824 kB
Inactive:       46108456 kB
Active(anon):   18895880 kB
Inactive(anon):    94936 kB
Active(file):   10435944 kB
Inactive(file): 46013520 kB
Unevictable:      470352 kB
Mlocked:          470352 kB
SwapTotal:       8388604 kB
SwapFree:        8388592 kB
Zswap:                 0 kB
Zswapped:              0 kB
Dirty:             25860 kB
Writeback:             0 kB
AnonPages:      20412884 kB
Mapped:          3556152 kB
Shmem:            338924 kB
KReclaimable:    1957244 kB
Slab:            2844572 kB
SReclaimable:    1957244 kB
SUnreclaim:       887328 kB
KernelStack:       75968 kB
PageTables:       171332 kB
SecPageTables:      5292 kB
NFS_Unstable:          0 kB
Bounce:                0 kB
WritebackTmp:          0 kB
CommitLimit:    57698760 kB
Committed_AS:   40410580 kB
VmallocTotal:   34359738367 kB
VmallocUsed:      176680 kB
VmallocChunk:          0 kB
Percpu:            41600 kB
HardwareCorrupted:     0 kB
AnonHugePages:     43008 kB
ShmemHugePages:        0 kB
ShmemPmdMapped:        0 kB
FileHugePages:         0 kB
FilePmdMapped:         0 kB
CmaTotal:              0 kB
CmaFree:               0 kB
Unaccepted:            0 kB
Balloon:               0 kB
HugePages_Total:       0
HugePages_Free:        0
HugePages_Rsvd:        0
HugePages_Surp:        0
Hugepagesize:       2048 kB
Hugetlb:               0 kB
DirectMap4k:     3037960 kB
DirectMap2M:    60690432 kB
DirectMap1G:    36700160 kB
